// Jest Snapshot v1, https://goo.gl/fbAQLP

exports[`should error when dependent generator is missing 1`] = `
"prisma:warn The configuration property \`package.json#prisma\` is deprecated and will be removed in Prisma 7. Please migrate to a Prisma config file (e.g., \`prisma.config.ts\`).
For more information, see: https://pris.ly/prisma-config

Error: Generator "I depend on the client" requires generator "prisma-client-js", but it is missing in your schema.prisma.
Please add it to your schema.prisma:

generator gen {
  provider = "prisma-client-js"
}
"
`;
